=== Device boot ===
31063 (./kronos/device5_intouch.log): not-a-date-time Boot Start
31176 (./kronos/device5_intouch.log): 2014-Jan-26 09:58:04 Boot Completed
		Boot Time: 177000ms

=== Device boot ===
31274 (./kronos/device5_intouch.log): 2014-Jan-26 09:55:07 Boot Start
		**** Incomplete boot **** 

=== Device boot ===
32623 (./kronos/device5_intouch.log): 2014-Jan-26 12:15:18 Boot Start
		**** Incomplete boot **** 

=== Device boot ===
32656 (./kronos/device5_intouch.log): 2014-Jan-27 12:27:55 Boot Start
		**** Incomplete boot **** 

=== Device boot ===
32693 (./kronos/device5_intouch.log): 2014-Jan-27 12:32:51 Boot Start
32801 (./kronos/device5_intouch.log): 2014-Jan-27 14:05:21 Boot Completed
		Boot Time: 163000ms

=== Device boot ===
33709 (./kronos/device5_intouch.log): 2014-Jan-27 14:02:38 Boot Start
		**** Incomplete boot **** 

=== Device boot ===
34594 (./kronos/device5_intouch.log): 2014-Jan-28 12:44:17 Boot Start
		**** Incomplete boot **** 

=== Device boot ===
37428 (./kronos/device5_intouch.log): 2014-Jan-29 12:43:07 Boot Start
		**** Incomplete boot **** 

=== Device boot ===
38258 (./kronos/device5_intouch.log): 2014-Jan-30 12:43:05 Boot Start
38366 (./kronos/device5_intouch.log): 2014-Jan-31 14:05:16 Boot Completed
		Boot Time: 163000ms

=== Device boot ===
39150 (./kronos/device5_intouch.log): 2014-Jan-31 14:02:33 Boot Start
		**** Incomplete boot **** 

=== Device boot ===
39182 (./kronos/device5_intouch.log): 2014-Feb-01 12:39:38 Boot Start
39290 (./kronos/device5_intouch.log): 2014-Feb-01 14:05:16 Boot Completed
		Boot Time: 164000ms

=== Device boot ===
40288 (./kronos/device5_intouch.log): 2014-Feb-01 14:02:32 Boot Start
40397 (./kronos/device5_intouch.log): 2014-Feb-02 14:05:31 Boot Completed
		Boot Time: 172000ms

=== Device boot ===
41615 (./kronos/device5_intouch.log): 2014-Feb-02 14:02:39 Boot Start
		**** Incomplete boot **** 

=== Device boot ===
41648 (./kronos/device5_intouch.log): 2014-Feb-03 12:35:55 Boot Start
		**** Incomplete boot **** 

=== Device boot ===
41684 (./kronos/device5_intouch.log): 2014-Feb-03 12:40:48 Boot Start
		**** Incomplete boot **** 

