=== Device boot ===
2 (./kronos/device6_intouch.log): not-a-date-time Boot Start
161 (./kronos/device6_intouch.log): 2014-Apr-03 20:31:01 Boot Completed
		Boot Time: 193000ms

=== Device boot ===
82079 (./kronos/device6_intouch.log): 2014-Apr-03 20:27:48 Boot Start
82303 (./kronos/device6_intouch.log): 2014-Apr-09 14:54:39 Boot Completed
		Boot Time: 204000ms

=== Device boot ===
85398 (./kronos/device6_intouch.log): 2014-Apr-09 14:51:15 Boot Start
85564 (./kronos/device6_intouch.log): 2014-Apr-10 18:16:37 Boot Completed
		Boot Time: 204000ms

=== Device boot ===
85957 (./kronos/device6_intouch.log): 2014-Apr-10 18:13:13 Boot Start
86123 (./kronos/device6_intouch.log): 2014-Apr-10 19:14:24 Boot Completed
		Boot Time: 199000ms

=== Device boot ===
86127 (./kronos/device6_intouch.log): 2014-Apr-10 19:11:05 Boot Start
86293 (./kronos/device6_intouch.log): 2014-Apr-10 19:21:56 Boot Completed
		Boot Time: 200000ms

=== Device boot ===
86568 (./kronos/device6_intouch.log): 2014-Apr-10 19:18:36 Boot Start
86732 (./kronos/device6_intouch.log): 2014-Apr-10 19:35:36 Boot Completed
		Boot Time: 200000ms

=== Device boot ===
86750 (./kronos/device6_intouch.log): 2014-Apr-10 19:32:16 Boot Start
86821 (./kronos/device6_intouch.log): 2014-Apr-10 20:09:07 Boot Completed
		Boot Time: 160000ms

=== Device boot ===
86939 (./kronos/device6_intouch.log): 2014-Apr-10 20:06:27 Boot Start
87111 (./kronos/device6_intouch.log): 2014-Apr-11 00:18:49 Boot Completed
		Boot Time: 173000ms

=== Device boot ===
87116 (./kronos/device6_intouch.log): 2014-Apr-11 00:15:56 Boot Start
87286 (./kronos/device6_intouch.log): 2014-Apr-11 13:31:12 Boot Completed
		Boot Time: 167000ms

=== Device boot ===
87836 (./kronos/device6_intouch.log): 2014-Apr-11 13:28:25 Boot Start
88009 (./kronos/device6_intouch.log): 2014-Apr-11 14:00:49 Boot Completed
		Boot Time: 167000ms

=== Device boot ===
88983 (./kronos/device6_intouch.log): 2014-Apr-11 13:58:02 Boot Start
89155 (./kronos/device6_intouch.log): 2014-Apr-11 14:26:31 Boot Completed
		Boot Time: 169000ms

=== Device boot ===
90112 (./kronos/device6_intouch.log): 2014-Apr-11 14:23:42 Boot Start
		**** Incomplete boot **** 

=== Device boot ===
90176 (./kronos/device6_intouch.log): 2014-Apr-14 12:13:59 Boot Start
90307 (./kronos/device6_intouch.log): 2014-Apr-14 12:21:25 Boot Completed
		Boot Time: 161000ms

